[    0.000000] Linux version 4.15.0-180-generic (buildd@lcy02-amd64-097) (gcc version 7.5.0 (Ubuntu 7.5.0-3ubuntu1~18.04)) #189-Ubuntu SMP Wed May 18 14:13:57 UTC 2022 (Ubuntu 4.15.0-180.189-generic 4.15.18)
[    0.000000] Command line: BOOT_IMAGE=/boot/vmlinuz-4.15.0-180-generic root=LABEL=cloudimg-rootfs ro console=tty1 console=ttyS0
[    0.000000] KERNEL supported cpus:
[    0.000000]   Intel GenuineIntel
[    0.000000]   AMD AuthenticAMD
[    0.000000]   Centaur CentaurHauls
[    0.000000] x86/fpu: x87 FPU will use FXSAVE
[    0.000000] e820: BIOS-provided physical RAM map:
[    0.000000] BIOS-e820: [mem 0x0000000000000000-0x000000000009fbff] usable
[    0.000000] BIOS-e820: [mem 0x000000000009fc00-0x000000000009ffff] reserved
[    0.000000] BIOS-e820: [mem 0x00000000000f0000-0x00000000000fffff] reserved
[    0.000000] BIOS-e820: [mem 0x0000000000100000-0x000000003ffeffff] usable
[    0.000000] BIOS-e820: [mem 0x000000003fff0000-0x000000003fffffff] ACPI data
[    0.000000] BIOS-e820: [mem 0x00000000fec00000-0x00000000fec00fff] reserved
[    0.000000] BIOS-e820: [mem 0x00000000fee00000-0x00000000fee00fff] reserved
[    0.000000] BIOS-e820: [mem 0x00000000fffc0000-0x00000000ffffffff] reserved
[    0.000000] NX (Execute Disable) protection: active
[    0.000000] SMBIOS 2.5 present.
[    0.000000] DMI: innotek GmbH VirtualBox/VirtualBox, BIOS VirtualBox 12/01/2006
[    0.000000] Hypervisor detected: KVM
[    0.000000] e820: last_pfn = 0x3fff0 max_arch_pfn = 0x400000000
[    0.000000] MTRR: Disabled
[    0.000000] x86/PAT: MTRRs disabled, skipping PAT initialization too.
[    0.000000] CPU MTRRs all blank - virtualized system.
[    0.000000] x86/PAT: Configuration [0-7]: WB  WT  UC- UC  WB  WT  UC- UC  
[    0.000000] found SMP MP-table at [mem 0x0009fff0-0x0009ffff]
[    0.000000] Scanning 1 areas for low memory corruption
[    0.000000] RAMDISK: [mem 0x359c5000-0x36cd9fff]
[    0.000000] ACPI: Early table checksum verification disabled
[    0.000000] ACPI: RSDP 0x00000000000E0000 000024 (v02 VBOX  )
[    0.000000] ACPI: XSDT 0x000000003FFF0030 00003C (v01 VBOX   VBOXXSDT 00000001 ASL  00000061)
[    0.000000] ACPI: FACP 0x000000003FFF00F0 0000F4 (v04 VBOX   VBOXFACP 00000001 ASL  00000061)
[    0.000000] ACPI: DSDT 0x000000003FFF0470 002325 (v02 VBOX   VBOXBIOS 00000002 INTL 20190509)
[    0.000000] ACPI: FACS 0x000000003FFF0200 000040
[    0.000000] ACPI: FACS 0x000000003FFF0200 000040
[    0.000000] ACPI: APIC 0x000000003FFF0240 00005C (v02 VBOX   VBOXAPIC 00000001 ASL  00000061)
[    0.000000] ACPI: SSDT 0x000000003FFF02A0 0001CC (v01 VBOX   VBOXCPUT 00000002 INTL 20190509)
[    0.000000] ACPI: Reserving FACP table memory at [mem 0x3fff00f0-0x3fff01e3]
[    0.000000] ACPI: Reserving DSDT table memory at [mem 0x3fff0470-0x3fff2794]
[    0.000000] ACPI: Reserving FACS table memory at [mem 0x3fff0200-0x3fff023f]
[    0.000000] ACPI: Reserving FACS table memory at [mem 0x3fff0200-0x3fff023f]
[    0.000000] ACPI: Reserving APIC table memory at [mem 0x3fff0240-0x3fff029b]
[    0.000000] ACPI: Reserving SSDT table memory at [mem 0x3fff02a0-0x3fff046b]
[    0.000000] No NUMA configuration found
[    0.000000] Faking a node at [mem 0x0000000000000000-0x000000003ffeffff]
[    0.000000] NODE_DATA(0) allocated [mem 0x3ffc5000-0x3ffeffff]
[    0.000000] kvm-clock: cpu 0, msr 0:3ff44001, primary cpu clock
[    0.000000] kvm-clock: Using msrs 4b564d01 and 4b564d00
[    0.000000] kvm-clock: using sched offset of 29445962380 cycles
[    0.000000] clocksource: kvm-clock: mask: 0xffffffffffffffff max_cycles: 0x1cd42e4dffb, max_idle_ns: 881590591483 ns
[    0.000000] Zone ranges:
[    0.000000]   DMA      [mem 0x0000000000001000-0x0000000000ffffff]
[    0.000000]   DMA32    [mem 0x0000000001000000-0x000000003ffeffff]
[    0.000000]   Normal   empty
[    0.000000]   Device   empty
[    0.000000] Movable zone start for each node
[    0.000000] Early memory node ranges
[    0.000000]   node   0: [mem 0x0000000000001000-0x000000000009efff]
[    0.000000]   node   0: [mem 0x0000000000100000-0x000000003ffeffff]
[    0.000000] Reserved but unavailable: 104 pages
[    0.000000] Initmem setup node 0 [mem 0x0000000000001000-0x000000003ffeffff]
[    0.000000] ACPI: PM-Timer IO Port: 0x4008
[    0.000000] IOAPIC[0]: apic_id 2, version 32, address 0xfec00000, GSI 0-23
[    0.000000] ACPI: INT_SRC_OVR (bus 0 bus_irq 0 global_irq 2 dfl dfl)
[    0.000000] ACPI: INT_SRC_OVR (bus 0 bus_irq 9 global_irq 9 low level)
[    0.000000] Using ACPI (MADT) for SMP configuration information
[    0.000000] smpboot: Allowing 2 CPUs, 0 hotplug CPUs
[    0.000000] PM: Registered nosave memory: [mem 0x00000000-0x00000fff]
[    0.000000] PM: Registered nosave memory: [mem 0x0009f000-0x0009ffff]
[    0.000000] PM: Registered nosave memory: [mem 0x000a0000-0x000effff]
[    0.000000] PM: Registered nosave memory: [mem 0x000f0000-0x000fffff]
[    0.000000] e820: [mem 0x40000000-0xfebfffff] available for PCI devices
[    0.000000] Booting paravirtualized kernel on KVM
[    0.000000] clocksource: refined-jiffies: mask: 0xffffffff max_cycles: 0xffffffff, max_idle_ns: 7645519600211568 ns
[    0.000000] random: get_random_bytes called from start_kernel+0x99/0x500 with crng_init=0
[    0.000000] setup_percpu: NR_CPUS:8192 nr_cpumask_bits:2 nr_cpu_ids:2 nr_node_ids:1
[    0.000000] percpu: Embedded 50 pages/cpu s167936 r8192 d28672 u1048576
[    0.000000] PV qspinlock hash table entries: 256 (order: 0, 4096 bytes)
[    0.000000] Built 1 zonelists, mobility grouping on.  Total pages: 257913
[    0.000000] Policy zone: DMA32
[    0.000000] Kernel command line: BOOT_IMAGE=/boot/vmlinuz-4.15.0-180-generic root=LABEL=cloudimg-rootfs ro console=tty1 console=ttyS0
[    0.000000] Memory: 982636K/1048120K available (12300K kernel code, 2484K rwdata, 4324K rodata, 2468K init, 2724K bss, 65484K reserved, 0K cma-reserved)
[    0.000000] SLUB: HWalign=64, Order=0-3, MinObjects=0, CPUs=2, Nodes=1
[    0.000000] Kernel/User page tables isolation: enabled
[    0.000000] ftrace: allocating 39507 entries in 155 pages
[    0.004000] Hierarchical RCU implementation.
[    0.004000] 	RCU restricting CPUs from NR_CPUS=8192 to nr_cpu_ids=2.
[    0.004000] 	Tasks RCU enabled.
[    0.004000] RCU: Adjusting geometry for rcu_fanout_leaf=16, nr_cpu_ids=2
[    0.004000] NR_IRQS: 524544, nr_irqs: 440, preallocated irqs: 16
[    0.004000] Console: colour VGA+ 80x25
[    0.004000] console [tty1] enabled
[    0.004000] console [ttyS0] enabled
[    0.004000] ACPI: Core revision 20170831
[    0.004000] ACPI: 2 ACPI AML tables successfully acquired and loaded
[    0.004000] APIC: Switch to symmetric I/O mode setup
[    0.004000] x2apic enabled
[    0.004000] Switched APIC routing to physical x2apic.
[    0.004000] ..TIMER: vector=0x30 apic1=0 pin1=2 apic2=-1 pin2=-1
[    0.004000] tsc: Detected 2925.980 MHz processor
[    0.004137] Calibrating delay loop (skipped) preset value.. 5851.96 BogoMIPS (lpj=11703920)
[    0.006677] pid_max: default: 32768 minimum: 301
[    0.008062] Security Framework initialized
[    0.009396] Yama: becoming mindful.
[    0.010564] AppArmor: AppArmor initialized
[    0.012394] Dentry cache hash table entries: 131072 (order: 8, 1048576 bytes)
[    0.016153] Inode-cache hash table entries: 65536 (order: 7, 524288 bytes)
[    0.018186] Mount-cache hash table entries: 2048 (order: 2, 16384 bytes)
[    0.020000] Mountpoint-cache hash table entries: 2048 (order: 2, 16384 bytes)
[    0.020000] Last level iTLB entries: 4KB 128, 2MB 4, 4MB 4
[    0.020004] Last level dTLB entries: 4KB 256, 2MB 0, 4MB 32, 1GB 0
[    0.021885] Spectre V1 : Mitigation: usercopy/swapgs barriers and __user pointer sanitization
[    0.024003] Spectre V2 : Mitigation: Retpolines
[    0.028002] Spectre V2 : Spectre v2 / SpectreRSB mitigation: Filling RSB on context switch
[    0.031074] Speculative Store Bypass: Vulnerable
[    0.032879] MDS: Vulnerable: Clear CPU buffers attempted, no microcode
[    0.036399] Freeing SMP alternatives memory: 36K
[    0.152285] APIC calibration not consistent with PM-Timer: 101ms instead of 100ms
[    0.154924] APIC delta adjusted to PM-Timer: 6273774 (6373099)
[    0.156086] smpboot: CPU0: Intel(R) Core(TM)2 Duo CPU     E7500  @ 2.93GHz (family: 0x6, model: 0x17, stepping: 0xa)
[    0.159508] Performance Events: unsupported p6 CPU model 23 no PMU driver, software events only.
[    0.160137] Hierarchical SRCU implementation.
[    0.165090] NMI watchdog: Perf event create on CPU 0 failed with -2
[    0.166995] NMI watchdog: Perf NMI watchdog permanently disabled
[    0.168201] smp: Bringing up secondary CPUs ...
[    0.169964] x86: Booting SMP configuration:
[    0.172003] .... node  #0, CPUs:      #1
[    0.004000] kvm-clock: cpu 1, msr 0:3ff44041, secondary cpu clock
[    0.187244] smp: Brought up 1 node, 2 CPUs
[    0.188006] smpboot: Max logical packages: 1
[    0.189533] smpboot: Total of 2 processors activated (11703.92 BogoMIPS)
[    0.192261] devtmpfs: initialized
[    0.193132] x86/mm: Memory block size: 128MB
[    0.194668] evm: security.selinux
[    0.196004] evm: security.SMACK64
[    0.197046] evm: security.SMACK64EXEC
[    0.198170] evm: security.SMACK64TRANSMUTE
[    0.199406] evm: security.SMACK64MMAP
[    0.200003] evm: security.apparmor
[    0.201054] evm: security.ima
[    0.201991] evm: security.capability
[    0.204161] clocksource: jiffies: mask: 0xffffffff max_cycles: 0xffffffff, max_idle_ns: 7645041785100000 ns
[    0.206979] futex hash table entries: 512 (order: 3, 32768 bytes)
[    0.208081] pinctrl core: initialized pinctrl subsystem
[    0.212326] RTC time: 23:59:31, date: 05/31/22
[    0.214245] NET: Registered protocol family 16
[    0.215759] audit: initializing netlink subsys (disabled)
[    0.216112] audit: type=2000 audit(1654041602.447:1): state=initialized audit_enabled=0 res=1
[    0.220484] cpuidle: using governor ladder
[    0.224043] cpuidle: using governor menu
[    0.226487] ACPI: bus type PCI registered
[    0.228000] acpiphp: ACPI Hot Plug PCI Controller Driver version: 0.5
[    0.228719] PCI: Using configuration type 1 for base access
[    0.234211] HugeTLB registered 2.00 MiB page size, pre-allocated 0 pages
[    0.236310] ACPI: Added _OSI(Module Device)
[    0.237570] ACPI: Added _OSI(Processor Device)
[    0.240004] ACPI: Added _OSI(3.0 _SCP Extensions)
[    0.241385] ACPI: Added _OSI(Processor Aggregator Device)
[    0.242932] ACPI: Added _OSI(Linux-Dell-Video)
[    0.244013] ACPI: Added _OSI(Linux-Lenovo-NV-HDMI-Audio)
[    0.245532] ACPI: Added _OSI(Linux-HPI-Hybrid-Graphics)
[    0.248744] ACPI: Executed 1 blocks of module-level executable AML code
[    0.256435] ACPI: Interpreter enabled
[    0.257604] ACPI: (supports S0 S5)
[    0.258638] ACPI: Using IOAPIC for interrupt routing
[    0.260348] PCI: Using host bridge windows from ACPI; if necessary, use "pci=nocrs" and report a bug
[    0.263208] ACPI: Enabled 2 GPEs in block 00 to 07
[    0.274620] ACPI: PCI Root Bridge [PCI0] (domain 0000 [bus 00-ff])
[    0.276036] acpi PNP0A03:00: _OSC: OS supports [ASPM ClockPM Segments MSI]
[    0.278678] acpi PNP0A03:00: _OSC: not requesting OS control; OS requires [ExtendedConfig ASPM ClockPM MSI]
[    0.280033] acpi PNP0A03:00: fail to add MMCONFIG information, can't access extended PCI configuration space under this bridge.
[    0.284576] PCI host bridge to bus 0000:00
[    0.288010] pci_bus 0000:00: root bus resource [io  0x0000-0x0cf7 window]
[    0.289981] pci_bus 0000:00: root bus resource [io  0x0d00-0xffff window]
[    0.292004] pci_bus 0000:00: root bus resource [mem 0x000a0000-0x000bffff window]
[    0.294229] pci_bus 0000:00: root bus resource [mem 0x40000000-0xfdffffff window]
[    0.296009] pci_bus 0000:00: root bus resource [bus 00-ff]
[    0.301922] pci 0000:00:01.1: legacy IDE quirk: reg 0x10: [io  0x01f0-0x01f7]
[    0.304004] pci 0000:00:01.1: legacy IDE quirk: reg 0x14: [io  0x03f6]
[    0.305879] pci 0000:00:01.1: legacy IDE quirk: reg 0x18: [io  0x0170-0x0177]
[    0.308003] pci 0000:00:01.1: legacy IDE quirk: reg 0x1c: [io  0x0376]
[    0.351597] pci 0000:00:07.0: quirk: [io  0x4000-0x403f] claimed by PIIX4 ACPI
[    0.352039] pci 0000:00:07.0: quirk: [io  0x4100-0x410f] claimed by PIIX4 SMB
[    0.384622] ACPI: PCI Interrupt Link [LNKA] (IRQs 5 9 10 *11)
[    0.388531] ACPI: PCI Interrupt Link [LNKB] (IRQs 5 9 *10 11)
[    0.392081] ACPI: PCI Interrupt Link [LNKC] (IRQs 5 *9 10 11)
[    0.394321] ACPI: PCI Interrupt Link [LNKD] (IRQs 5 9 10 *11)
[    0.397713] SCSI subsystem initialized
[    0.400181] pci 0000:00:02.0: vgaarb: setting as boot VGA device
[    0.401800] pci 0000:00:02.0: vgaarb: VGA device added: decodes=io+mem,owns=io+mem,locks=none
[    0.404007] pci 0000:00:02.0: vgaarb: bridge control possible
[    0.408003] vgaarb: loaded
[    0.408953] ACPI: bus type USB registered
[    0.410234] usbcore: registered new interface driver usbfs
[    0.412025] usbcore: registered new interface driver hub
[    0.413638] usbcore: registered new device driver usb
[    0.416186] EDAC MC: Ver: 3.0.0
[    0.417459] PCI: Using ACPI for IRQ routing
[    0.420751] NetLabel: Initializing
[    0.421802] NetLabel:  domain hash size = 128
[    0.424002] NetLabel:  protocols = UNLABELED CIPSOv4 CALIPSO
[    0.425676] NetLabel:  unlabeled traffic allowed by default
[    0.428385] clocksource: Switched to clocksource kvm-clock
[    0.433769] VFS: Disk quotas dquot_6.6.0
[    0.433769] VFS: Dquot-cache hash table entries: 512 (order 0, 4096 bytes)
[    0.433769] AppArmor: AppArmor Filesystem Enabled
[    0.433769] pnp: PnP ACPI init
[    0.433769] pnp: PnP ACPI: found 3 devices
[    0.474594] clocksource: acpi_pm: mask: 0xffffff max_cycles: 0xffffff, max_idle_ns: 2085701024 ns
[    0.476175] NET: Registered protocol family 2
[    0.476175] IP idents hash table entries: 16384 (order: 5, 131072 bytes)
[    0.483786] TCP established hash table entries: 8192 (order: 4, 65536 bytes)
[    0.487386] TCP bind hash table entries: 8192 (order: 5, 131072 bytes)
[    0.487386] TCP: Hash tables configured (established 8192 bind 8192)
[    0.487386] UDP hash table entries: 512 (order: 2, 16384 bytes)
[    0.487386] UDP-Lite hash table entries: 512 (order: 2, 16384 bytes)
[    0.487386] NET: Registered protocol family 1
[    0.487386] pci 0000:00:00.0: Limiting direct PCI/PCI transfers
[    0.487386] pci 0000:00:01.0: Activating ISA DMA hang workarounds
[    0.487386] pci 0000:00:02.0: Video device with shadowed ROM at [mem 0x000c0000-0x000dffff]
[    0.487386] Unpacking initramfs...
[    0.487386] Freeing initrd memory: 19540K
[    0.487386] clocksource: tsc: mask: 0xffffffffffffffff max_cycles: 0x2a2d21a5ebd, max_idle_ns: 440795309514 ns
[    0.487386] platform rtc_cmos: registered platform RTC device (no PNP device found)
[    0.487386] Scanning for low memory corruption every 60 seconds
[    0.905316] Initialise system trusted keyrings
[    0.906754] Key type blacklist registered
[    0.908227] workingset: timestamp_bits=36 max_order=18 bucket_order=0
[    0.914454] zbud: loaded
[    0.915960] squashfs: version 4.0 (2009/01/31) Phillip Lougher
[    0.918333] fuse init (API version 7.26)
[    0.922979] Key type asymmetric registered
[    0.924477] Asymmetric key parser 'x509' registered
[    0.926022] Block layer SCSI generic (bsg) driver version 0.4 loaded (major 246)
[    0.928416] io scheduler noop registered
[    0.929599] io scheduler deadline registered
[    0.930913] io scheduler cfq registered (default)
[    0.932839] ACPI: AC Adapter [AC] (on-line)
[    0.934217] input: Power Button as /devices/LNXSYSTM:00/LNXPWRBN:00/input/input0
[    0.936497] ACPI: Power Button [PWRF]
[    0.937711] input: Sleep Button as /devices/LNXSYSTM:00/LNXSLPBN:00/input/input1
[    0.939932] ACPI: Sleep Button [SLPF]
[    0.941709] Serial: 8250/16550 driver, 32 ports, IRQ sharing enabled
[    0.964728] 00:02: ttyS0 at I/O 0x3f8 (irq = 4, base_baud = 115200) is a 16550A
[    0.970351] Linux agpgart interface v0.103
[    0.973999] loop: module loaded
[    0.976176] scsi host0: ata_piix
[    0.977473] scsi host1: ata_piix
[    0.978497] ata1: PATA max UDMA/33 cmd 0x1f0 ctl 0x3f6 bmdma 0xd000 irq 14
[    0.980537] ata2: PATA max UDMA/33 cmd 0x170 ctl 0x376 bmdma 0xd008 irq 15
[    0.982694] tun: Universal TUN/TAP device driver, 1.6
[    0.984676] PPP generic driver version 2.4.2
[    0.987814] ehci_hcd: USB 2.0 'Enhanced' Host Controller (EHCI) Driver
[    0.990055] ehci-pci: EHCI PCI platform driver
[    0.991405] ehci-platform: EHCI generic platform driver
[    0.993025] ohci_hcd: USB 1.1 'Open' Host Controller (OHCI) Driver
[    0.994790] ohci-pci: OHCI PCI platform driver
[    0.996154] ohci-platform: OHCI generic platform driver
[    0.997683] uhci_hcd: USB Universal Host Controller Interface driver
[    0.999650] i8042: PNP: PS/2 Controller [PNP0303:PS2K,PNP0f03:PS2M] at 0x60,0x64 irq 1,12
[    1.002851] serio: i8042 KBD port at 0x60,0x64 irq 1
[    1.004415] serio: i8042 AUX port at 0x60,0x64 irq 12
[    1.006090] mousedev: PS/2 mouse device common for all mice
[    1.008421] input: AT Translated Set 2 keyboard as /devices/platform/i8042/serio0/input/input2
[    1.011331] rtc_cmos rtc_cmos: rtc core: registered rtc_cmos as rtc0
[    1.013584] rtc_cmos rtc_cmos: alarms up to one day, 114 bytes nvram
[    1.015791] i2c /dev entries driver
[    1.017044] device-mapper: uevent: version 1.0.3
[    1.018637] device-mapper: ioctl: 4.37.0-ioctl (2017-09-20) initialised: dm-devel@redhat.com
[    1.021514] ledtrig-cpu: registered to indicate activity on CPUs
[    1.024097] NET: Registered protocol family 10
[    1.053194] Segment Routing with IPv6
[    1.054890] NET: Registered protocol family 17
[    1.056972] Key type dns_resolver registered
[    1.059025] mce: Using 0 MCE banks
[    1.060174] RAS: Correctable Errors collector initialized.
[    1.061897] sched_clock: Marking stable (1060138335, 0)->(1347084277, -286945942)
[    1.065581] registered taskstats version 1
[    1.067105] Loading compiled-in X.509 certificates
[    1.089987] Loaded X.509 cert 'Build time autogenerated kernel key: 5b165579d658a5808005e73a2425cc20635793b1'
[    1.095794] Loaded X.509 cert 'Canonical Ltd. Live Patch Signing: 14df34d1a87cf37625abec039ef2bf521249b969'
[    1.100513] Loaded X.509 cert 'Canonical Ltd. Kernel Module Signing: 88f752e560a1e0737e31163a466ad7b70a850c19'
[    1.103728] blacklist: Loading compiled-in revocation X.509 certificates
[    1.105847] Loaded X.509 cert 'Canonical Ltd. Secure Boot Signing: 61482aa2830d0ab2ad5af10b7250da9033ddcef0'
[    1.108881] zswap: loaded using pool lzo/zbud
[    1.138679] Key type big_key registered
[    1.140713] Key type trusted registered
[    1.180387] Key type encrypted registered
[    1.182608] AppArmor: AppArmor sha1 policy hashing enabled
[    1.185279] ima: No TPM chip found, activating TPM-bypass! (rc=-19)
[    1.187353] ima: Allocated hash algorithm: sha1
[    1.189099] evm: HMAC attrs: 0x1
[    1.190614]   Magic number: 6:209:1011
[    1.192141] rtc_cmos rtc_cmos: setting system clock to 2022-05-31 23:59:32 UTC (1654041572)
[    1.195145] BIOS EDD facility v0.16 2004-Jun-25, 0 devices found
[    1.197201] EDD information not available.
[    1.211569] Freeing unused kernel image memory: 2468K
[    1.232132] Write protecting the kernel read-only data: 20480k
[    1.243553] Freeing unused kernel image memory: 2008K
[    1.248724] Freeing unused kernel image memory: 1820K
[    1.261615] x86/mm: Checked W+X mappings: passed, no W+X pages found.
[    1.265272] x86/mm: Checking user space page tables
[    1.277626] x86/mm: Checked W+X mappings: passed, no W+X pages found.
Loading, please wait...
starting version 237
[    2.193056] Fusion MPT base driver 3.04.20
[    2.195570] Copyright (c) 1999-2008 LSI Corporation
[    2.221628] e1000: Intel(R) PRO/1000 Network Driver - version 7.3.21-k8-NAPI
[    2.225652] e1000: Copyright (c) 1999-2006 Intel Corporation.
[    2.344848] Fusion MPT SPI Host driver 3.04.20
[    2.409678] input: ImExPS/2 Generic Explorer Mouse as /devices/platform/i8042/serio1/input/input4
[    3.277089] e1000 0000:00:03.0 eth0: (PCI:33MHz:32-bit) 02:36:1c:f2:a8:92
[    3.279321] e1000 0000:00:03.0 eth0: Intel(R) PRO/1000 Network Connection
[    3.283962] mptbase: ioc0: Initiating bringup
[    4.520827] ioc0: LSI53C1030 A0: Capabilities={Initiator}
[    8.231338] scsi host2: ioc0: LSI53C1030 A0, FwRev=00000000h, Ports=1, MaxQ=256, IRQ=20
[   10.289033] scsi 2:0:0:0: Direct-Access     VBOX     HARDDISK         1.0  PQ: 0 ANSI: 5
[   10.324131] scsi target2:0:0: Beginning Domain Validation
[   10.331261] scsi target2:0:0: Domain Validation skipping write tests
[   10.334930] scsi target2:0:0: Ending Domain Validation
[   10.337846] scsi target2:0:0: asynchronous
[   10.340989] scsi 2:0:1:0: Direct-Access     VBOX     HARDDISK         1.0  PQ: 0 ANSI: 5
[   10.624164] scsi target2:0:1: Beginning Domain Validation
[   10.643071] random: fast init done
[   10.645632] scsi target2:0:1: Domain Validation skipping write tests
[   10.648743] scsi target2:0:1: Ending Domain Validation
[   10.653888] scsi target2:0:1: asynchronous
[   10.671743] random: systemd-udevd: uninitialized urandom read (16 bytes read)
[   10.682611] sd 2:0:0:0: Attached scsi generic sg0 type 0
[   10.694244] sd 2:0:0:0: [sda] 83886080 512-byte logical blocks: (42.9 GB/40.0 GiB)
[   10.705587] random: systemd-udevd: uninitialized urandom read (16 bytes read)
[   10.713309] sd 2:0:1:0: [sdb] 20480 512-byte logical blocks: (10.5 MB/10.0 MiB)
[   10.715423] sd 2:0:1:0: Attached scsi generic sg1 type 0
[   10.724623] sd 2:0:0:0: [sda] Write Protect is off
[   10.724748] sd 2:0:0:0: [sda] Incomplete mode parameter data
[   10.724750] sd 2:0:0:0: [sda] Assuming drive cache: write through
[   10.725127] sd 2:0:1:0: [sdb] Write Protect is off
[   10.725242] sd 2:0:1:0: [sdb] Incomplete mode parameter data
[   10.725243] sd 2:0:1:0: [sdb] Assuming drive cache: write through
[   10.727253] random: systemd-udevd: uninitialized urandom read (16 bytes read)
[   10.741530]  sda: sda1
[   10.748997] sd 2:0:0:0: [sda] Attached SCSI disk
[   10.773695] sd 2:0:1:0: [sdb] Attached SCSI disk
[   10.779367] e1000 0000:00:08.0 eth1: (PCI:33MHz:32-bit) 08:00:27:0e:50:0b
[   10.781997] e1000 0000:00:08.0 eth1: Intel(R) PRO/1000 Network Connection
[   10.791934] e1000 0000:00:03.0 enp0s3: renamed from eth0
[   10.806224] e1000 0000:00:08.0 enp0s8: renamed from eth1
Begin: Loading essential drivers ... [   13.476175] raid6: sse2x1   gen()  4574 MB/s
[   13.536223] raid6: sse2x1   xor()  4929 MB/s
[   13.584128] raid6: sse2x2   gen()  6343 MB/s
[   13.644253] raid6: sse2x2   xor()  6042 MB/s
[   13.692230] raid6: sse2x4   gen()  8207 MB/s
[   13.752226] raid6: sse2x4   xor()  6421 MB/s
[   13.754457] raid6: using algorithm sse2x4 gen() 8207 MB/s
[   13.757185] raid6: .... xor() 6421 MB/s, rmw enabled
[   13.759602] raid6: using ssse3x2 recovery algorithm
[   13.764570] xor: measuring software checksum speed
[   13.872149]    prefetch64-sse: 34305.000 MB/sec
[   13.988094]    generic_sse: 60611.000 MB/sec
[   13.990430] xor: using function: generic_sse (60611.000 MB/sec)
[   14.008245] async_tx: api initialized (async)
done.
Begin: Running /scripts/init-premount ... done.
Begin: Mounting root file system ... Begin: Running /scripts/local-top ... done.
Begin: Running /scripts/local-premount ... [   14.332728] Btrfs loaded, crc32c=crc32c-generic
Scanning for Btrfs filesystems
done.
Warning: fsck not present, so skipping root file system
[   14.608359] EXT4-fs (sda1): mounted filesystem with ordered data mode. Opts: (null)
done.
Begin: Running /scripts/local-bottom ... done.
Begin: Running /scripts/init-bottom ... done.
[   16.053506] ip_tables: (C) 2000-2006 Netfilter Core Team
[   16.139974] systemd[1]: systemd 237 running in system mode. (+PAM +AUDIT +SELINUX +IMA +APPARMOR +SMACK +SYSVINIT +UTMP +LIBCRYPTSETUP +GCRYPT +GNUTLS +ACL +XZ +LZ4 +SECCOMP +BLKID +ELFUTILS +KMOD -IDN2 +IDN -PCRE2 default-hierarchy=hybrid)
[   16.152120] systemd[1]: Detected virtualization oracle.
[   16.153908] systemd[1]: Detected architecture x86-64.

Welcome to [1mUbuntu 18.04.6 LTS[0m!

[   16.266471] systemd[1]: Set hostname to <ubuntu>.
[   16.289156] systemd[1]: Initializing machine ID from random generator.
[   16.293290] systemd[1]: Installed transient /etc/machine-id file.
[   17.041536] random: crng init done
[   17.043224] random: 7 urandom warning(s) missed due to ratelimiting
[   18.232892] systemd[1]: Created slice System Slice.
[[0;32m  OK  [0m] Created slice System Slice.
[   18.237494] systemd[1]: Listening on fsck to fsckd communication Socket.
[[0;32m  OK  [0m] Listening on fsck to fsckd communication Socket.
[   18.241883] systemd[1]: Reached target Swap.
[[0;32m  OK  [0m] Reached target Swap.
[   18.244990] systemd[1]: Listening on udev Kernel Socket.
[[0;32m  OK  [0m] Listening on udev Kernel Socket.
[[0;32m  OK  [0m] Listening on /dev/initctl Compatibility Named Pipe.
[[0;32m  OK  [0m] Created slice system-serial\x2dgetty.slice.
[[0;32m  OK  [0m] Listening on Journal Socket (/dev/log).
[[0;32m  OK  [0m] Listening on LVM2 poll daemon socket.
[[0;32m  OK  [0m] Started Forward Password Requests to Wall Directory Watch.
[[0;32m  OK  [0m] Listening on Journal Audit Socket.
[[0;32m  OK  [0m] Listening on Syslog Socket.
[[0;32m  OK  [0m] Listening on Journal Socket.
         Starting Journal Service...
         Starting Set the console keyboard layout...
         Mounting Huge Pages File System...
         Starting File System Check on Root Device...
[[0;32m  OK  [0m] Listening on Network Service Netlink Socket.
[[0;32m  OK  [0m] Created slice User and Session Slice.
[[0;32m  OK  [0m] Reached target Slices.
[[0;32m  OK  [0m] Listening on Device-mapper event daemon FIFOs.
         Mounting Kernel Debug File System...
[[0;32m  OK  [0m] Reached target User and Group Name Lookups.
         Starting Create list of required stâ€¦ce nodes for the current kernel...
         Starting Uncomplicated firewall...
[[0;32m  OK  [0m] Listening on LVM2 metadata daemon socket.
         Starting Monitoring of LVM2 mirrorsâ€¦ng dmeventd or progress polling...
[[0;32m  OK  [0m] Reached target System Time Synchronized.
[[0;32m  OK  [0m] Listening on udev Control Socket.
         Starting udev Coldplug all Devices...
[[0;32m  OK  [0m] Set up automount Arbitrary Executabâ€¦rmats File System Automount Point.
         Starting Load Kernel Modules...
         Mounting POSIX Message Queue File System...
[[0;32m  OK  [0m] Mounted Huge Pages File System.
[[0;32m  OK  [0m] Mounted Kernel Debug File System.
[[0;32m  OK  [0m] Started File System Check Daemon to report status.
[[0;32m  OK  [0m] Started Create list of required staâ€¦vice nodes for the current kernel.
[[0;32m  OK  [0m] Started Uncomplicated firewall.
         Starting Create Static Device Nodes in /dev...
[[0;32m  OK  [0m] Mounted POSIX Message Queue File System.
[[0;32m  OK  [0m] Started Journal Service.
[   19.057596] Loading iSCSI transport class v2.0-870.
[[0;32m  OK  [0m] Started LVM2 metadata daemon.
[   19.249179] iscsi: registered transport (tcp)
[[0;32m  OK  [0m] Started File System Check on Root Device.
         Starting Remount Root and Kernel File Systems...
[[0;32m  OK  [0m] Started Create Static Device Nodes in /dev.
[   19.468622] iscsi: registered transport (iser)
[[0;32m  OK  [0m] Started Monitoring of LVM2 mirrors,â€¦sing dmeventd or progress polling.
[   19.540963] EXT4-fs (sda1): re-mounted. Opts: (null)
[[0;32m  OK  [0m] Started Load Kernel Modules.
         Mounting Kernel Configuration File System...
         Mounting FUSE Control File System...
         Starting Apply Kernel Variables...
[[0;32m  OK  [0m] Started Remount Root and Kernel File Systems.
[[0;32m  OK  [0m] Mounted Kernel Configuration File System.
         Starting Flush Journal to Persistent Storage...
         Starting udev Kernel Device Manager...
         Starting Load/Save Random Seed...
[[0;32m  OK  [0m] Mounted FUSE Control File System.
[[0;32m  OK  [0m] Started Set the console keyboard layout.
[   19.991150] systemd-journald[379]: Received request to flush runtime journal from PID 1
[[0;32m  OK  [0m] Reached target Local File Systems (Pre).
[[0;32m  OK  [0m] Reached target Local File Systems.
         Starting Set console font and keymap...
         Starting AppArmor initialization...
         Starting ebtables ruleset management...
         Starting Tell Plymouth To Write Out Runtime Data...
         Starting Commit a transient machine-id on disk...
[[0;32m  OK  [0m] Started Apply Kernel Variables.
[[0;32m  OK  [0m] Started Load/Save Random Seed.
[[0;32m  OK  [0m] Started Flush Journal to Persistent Storage.
[[0;32m  OK  [0m] Started udev Coldplug all Devices.
[[0;32m  OK  [0m] Started Set console font and keymap.
         Starting Create Volatile Files and Directories...
[[0;32m  OK  [0m] Started Tell Plymouth To Write Out Runtime Data.
[[0;32m  OK  [0m] Started Commit a transient machine-id on disk.
[[0;32m  OK  [0m] Started udev Kernel Device Manager.
[[0;32m  OK  [0m] Started Dispatch Password Requests to Console Directory Watch.
[[0;32m  OK  [0m] Reached target Local Encrypted Volumes.
[[0;32m  OK  [0m] Started Create Volatile Files and Directories.
         Starting Update UTMP about System Boot/Shutdown...
[[0;32m  OK  [0m] Started Update UTMP about System Boot/Shutdown.
[[0;32m  OK  [0m] Started ebtables ruleset management.
[[0;32m  OK  [0m] Started AppArmor initialization.
[[0;32m  OK  [0m] Found device /dev/ttyS0.
         Starting Load AppArmor profiles managed internally by snapd...
         Starting Initial cloud-init job (pre-networking)...
[[0;32m  OK  [0m] Started Load AppArmor profiles managed internally by snapd.
[[0;32m  OK  [0m] Listening on Load/Save RF Kill Switch Status /dev/rfkill Watch.
[   31.954596] cloud-init[483]: Cloud-init v. 22.1-14-g2e17a0d6-0ubuntu1~18.04.3 running 'init-local' at Wed, 01 Jun 2022 00:00:00 +0000. Up 29.63 seconds.
[[0;32m  OK  [0m] Started Initial cloud-init job (pre-networking).
[[0;32m  OK  [0m] Reached target Network (Pre).
         Starting Network Service...
[[0;32m  OK  [0m] Started Network Service.
         Starting Network Name Resolution...
         Starting Wait for Network to be Configured...
[[0;32m  OK  [0m] Started Network Name Resolution.
[[0;32m  OK  [0m] Reached target Host and Network Name Lookups.
[[0;32m  OK  [0m] Reached target Network.
[[0;32m  OK  [0m] Started Wait for Network to be Configured.
         Starting Initial cloud-init job (metadata service crawler)...
[   36.787195] cloud-init[626]: Cloud-init v. 22.1-14-g2e17a0d6-0ubuntu1~18.04.3 running 'init' at Wed, 01 Jun 2022 00:00:07 +0000. Up 35.92 seconds.
[   36.808999] cloud-init[626]: ci-info: ++++++++++++++++++++++++++++++++++++++Net device info+++++++++++++++++++++++++++++++++++++++
[   36.824891] cloud-init[626]: ci-info: +--------+-------+----------------------------+---------------+--------+-------------------+
[   36.832521] cloud-init[626]: ci-info: | Device |   Up  |          Address           |      Mask     | Scope  |     Hw-Address    |
[   36.835953] cloud-init[626]: ci-info: +--------+-------+----------------------------+---------------+--------+-------------------+
[   36.840187] cloud-init[626]: ci-info: | enp0s3 |  True |         10.0.2.15          | 255.255.255.0 | global | 02:36:1c:f2:a8:92 |
[   36.844698] cloud-init[626]: ci-info: | enp0s3 |  True | fe80::36:1cff:fef2:a892/64 |       .       |  link  | 02:36:1c:f2:a8:92 |
[   36.848720] cloud-init[626]: ci-info: | enp0s8 | False |             .              |       .       |   .    | 08:00:27:0e:50:0b |
[   36.858770] cloud-init[626]: ci-info: |   lo   |  True |         127.0.0.1          |   255.0.0.0   |  host  |         .         |
[   36.867007] cloud-init[626]: ci-info: |   lo   |  True |          ::1/128           |       .       |  host  |         .         |
[   36.874156] cloud-init[626]: ci-info: +--------+-------+----------------------------+---------------+--------+-------------------+
[   36.879018] cloud-init[626]: ci-info: ++++++++++++++++++++++++++++Route IPv4 info+++++++++++++++++++++++++++++
[   36.882649] cloud-init[626]: ci-info: +-------+-------------+----------+-----------------+-----------+-------+
[   36.885929] cloud-init[626]: ci-info: | Route | Destination | Gateway  |     Genmask     | Interface | Flags |
[   36.892501] cloud-init[626]: ci-info: +-------+-------------+----------+-----------------+-----------+-------+
[   36.896066] cloud-init[626]: ci-info: |   0   |   0.0.0.0   | 10.0.2.2 |     0.0.0.0     |   enp0s3  |   UG  |
[   36.900366] cloud-init[626]: ci-info: |   1   |   10.0.2.0  | 0.0.0.0  |  255.255.255.0  |   enp0s3  |   U   |
[   36.904209] cloud-init[626]: ci-info: |   2   |   10.0.2.2  | 0.0.0.0  | 255.255.255.255 |   enp0s3  |   UH  |
[   36.908387] cloud-init[626]: ci-info: +-------+-------------+----------+-----------------+-----------+-------+
[   36.912566] cloud-init[626]: ci-info: +++++++++++++++++++Route IPv6 info+++++++++++++++++++
[   36.915461] cloud-init[626]: ci-info: +-------+-------------+---------+-----------+-------+
[   36.918280] cloud-init[626]: ci-info: | Route | Destination | Gateway | Interface | Flags |
[   36.921185] cloud-init[626]: ci-info: +-------+-------------+---------+-----------+-------+
[   36.923872] cloud-init[626]: ci-info: |   1   |  fe80::/64  |    ::   |   enp0s3  |   U   |
[   36.926634] cloud-init[626]: ci-info: |   3   |    local    |    ::   |   enp0s3  |   U   |
[   36.929343] cloud-init[626]: ci-info: |   4   |   ff00::/8  |    ::   |   enp0s3  |   U   |
[   36.932080] cloud-init[626]: ci-info: +-------+-------------+---------+-----------+-------+
[   39.470872] cloud-init[626]: Generating public/private rsa key pair.
[   39.472912] cloud-init[626]: Your identification has been saved in /etc/ssh/ssh_host_rsa_key.
[   39.474396] cloud-init[626]: Your public key has been saved in /etc/ssh/ssh_host_rsa_key.pub.
[   39.475989] cloud-init[626]: The key fingerprint is:
[   39.476901] cloud-init[626]: SHA256:V6tEAvS184vm2+4DXuesBdj1ZNRPoodhlv0mhTE4nh8 root@ubuntu-bionic
[   39.478370] cloud-init[626]: The key's randomart image is:
[   39.479398] cloud-init[626]: +---[RSA 2048]----+
[   39.480487] cloud-init[626]: |     .o   .  +ooo|
[   39.481619] cloud-init[626]: |       o . .B +o+|
[   39.482598] cloud-init[626]: |        o ++.*.=+|
[   39.483471] cloud-init[626]: |         o *=oE++|
[   39.489399] cloud-init[626]: |        S + =o +.|
[   39.490365] cloud-init[626]: |         o.o.oo  |
[   39.491241] cloud-init[626]: |         .+o.+.  |
[   39.492203] cloud-init[626]: |         o....o  |
[   39.493281] cloud-init[626]: |          o+=o   |
[   39.494103] cloud-init[626]: +----[SHA256]-----+
[   39.495128] cloud-init[626]: Generating public/private dsa key pair.
[   39.496302] cloud-init[626]: Your identification has been saved in /etc/ssh/ssh_host_dsa_key.
[   39.497752] cloud-init[626]: Your public key has been saved in /etc/ssh/ssh_host_dsa_key.pub.
[   39.499329] cloud-init[626]: The key fingerprint is:
[   39.500309] cloud-init[626]: SHA256:PotBN1TH+sxy9E2uBHIWzjuNeXRlo0yCjg56MYKBURw root@ubuntu-bionic
[   39.501843] cloud-init[626]: The key's randomart image is:
[   39.503083] cloud-init[626]: +---[DSA 1024]----+
[   39.504060] cloud-init[626]: |o+E.      o..    |
[   39.504973] cloud-init[626]: |...      o oo. .o|
[   39.505843] cloud-init[626]: |  o     +  ++...o|
[   39.506820] cloud-init[626]: | . . + o .o Bo. o|
[   39.507750] cloud-init[626]: |    o * S  O O = |
[   39.508642] cloud-init[626]: |   . o + .. X = o|
[   39.509598] cloud-init[626]: |    . . o  o + . |
[   39.510559] cloud-init[626]: |       o o    .  |
[   39.511426] cloud-init[626]: |      . .        |
[   39.512495] cloud-init[626]: +----[SHA256]-----+
[   39.513389] cloud-init[626]: Generating public/private ecdsa key pair.
[   39.514822] cloud-init[626]: Your identification has been saved in /etc/ssh/ssh_host_ecdsa_key.
[   39.516320] cloud-init[626]: Your public key has been saved in /etc/ssh/ssh_host_ecdsa_key.pub.
[   39.517874] cloud-init[626]: The key fingerprint is:
[   39.518781] cloud-init[626]: SHA256:TcrTcvKXDOjenyBh4yAOOZYNxCk0kCZXJq1Wq4Swtu0 root@ubuntu-bionic
[   39.520479] cloud-init[626]: The key's randomart image is:
[   39.521456] cloud-init[626]: +---[ECDSA 256]---+
[   39.522500] cloud-init[626]: |+=o+o            |
[   39.523428] cloud-init[626]: |=o=oo            |
[   39.524499] cloud-init[626]: |+=.o .    .      |
[   39.525456] cloud-init[626]: |o.+=.  . *       |
[   39.526459] cloud-init[626]: |.oO.o . S =      |
[   39.527350] cloud-init[626]: | o.= . = O o .   |
[   39.528269] cloud-init[626]: |  . .   + o +    |
[   39.529298] cloud-init[626]: |   E   . o o .   |
[   39.530199] cloud-init[626]: |        . ..o    |
[   39.531102] cloud-init[626]: +----[SHA256]-----+
[   39.532050] cloud-init[626]: Generating public/private ed25519 key pair.
[   39.533206] cloud-init[626]: Your identification has been saved in /etc/ssh/ssh_host_ed25519_key.
[   39.534747] cloud-init[626]: Your public key has been saved in /etc/ssh/ssh_host_ed25519_key.pub.
[   39.536551] cloud-init[626]: The key fingerprint is:
[   39.537472] cloud-init[626]: SHA256:w5zbQpQK0iVgwyKJKd+HoTelb+hw1a8UXoenVRiXWWA root@ubuntu-bionic
[   39.539005] cloud-init[626]: The key's randomart image is:
[   39.539985] cloud-init[626]: +--[ED25519 256]--+
[   39.541084] cloud-init[626]: |.++.. .     .oE=.|
[   39.542033] cloud-init[626]: |B..o.o.  .  .o+  |
[   39.542987] cloud-init[626]: |oo.oo= .o  . .   |
[   39.543877] cloud-init[626]: |  o.*.o=o.o +    |
[   39.544801] cloud-init[626]: |   . *..S+ =     |
[   39.545863] cloud-init[626]: |  . o o.o+o      |
[   39.546831] cloud-init[626]: |   + . .o..      |
[   39.547700] cloud-init[626]: |    .   ..       |
[   39.548804] cloud-init[626]: |                 |
[   39.549799] cloud-init[626]: +----[SHA256]-----+
[[0;32m  OK  [0m] Started Initial cloud-init job (metadata service crawler).
[[0;32m  OK  [0m] Reached target Network is Online.
[[0;32m  OK  [0m] Reached target Remote File Systems (Pre).
[[0;32m  OK  [0m] Reached target Remote File Systems.
         Starting Availability of block devices...
[[0;32m  OK  [0m] Reached target System Initialization.
[[0;32m  OK  [0m] Started Daily apt download activities.
[[0;32m  OK  [0m] Listening on ACPID Listen Socket.
[[0;32m  OK  [0m] Listening on UUID daemon activation socket.
[[0;32m  OK  [0m] Started Daily Cleanup of Temporary Directories.
[[0;32m  OK  [0m] Started Message of the Day.
[[0;32m  OK  [0m] Started Ubuntu Advantage Timer for running repeated jobs.
[[0;32m  OK  [0m] Started ACPI Events Check.
[[0;32m  OK  [0m] Listening on D-Bus System Message Bus Socket.
[[0;32m  OK  [0m] Listening on Open-iSCSI iscsid Socket.
         Starting LXD - unix socket.
[[0;32m  OK  [0m] Started Trigger to poll for Ubuntu â€¦(Only enabled on GCP LTS non-pro).
[[0;32m  OK  [0m] Reached target Paths.
[[0;32m  OK  [0m] Started Daily apt upgrade and clean activities.
         Starting Socket activation for snappy daemon.
[[0;32m  OK  [0m] Started Discard unused blocks once a week.
[[0;32m  OK  [0m] Reached target Timers.
[[0;32m  OK  [0m] Listening on cloud-init hotplug hook socket.
[[0;32m  OK  [0m] Reached target Cloud-config availability.
[[0;32m  OK  [0m] Started Availability of block devices.
[[0;32m  OK  [0m] Listening on LXD - unix socket.
[[0;32m  OK  [0m] Listening on Socket activation for snappy daemon.
[[0;32m  OK  [0m] Reached target Sockets.
[[0;32m  OK  [0m] Reached target Basic System.
         Starting LSB: Record successful boot for GRUB...
         Starting Accounts Service...
         Starting Permit User Sessions...
         Starting System Logging Service...
         Starting Pollinate to seed the pseudo random number generator...
[[0;32m  OK  [0m] Started Deferred execution scheduler.
[[0;32m  OK  [0m] Started Regular background program processing daemon.
         Starting Dispatcher daemon for systemd-networkd...
[[0;32m  OK  [0m] Started FUSE filesystem for LXC.
         Starting Login Service...
         Starting Virtualbox guest utils...
         Starting LSB: automatic crash report generation...
[[0;32m  OK  [0m] Started irqbalance daemon.
         Starting Snap Daemon...
[[0;32m  OK  [0m] Started D-Bus System Message Bus.
[[0;32m  OK  [0m] Started Login Service.
[[0;32m  OK  [0m] Started Unattended Upgrades Shutdown.
         Starting LXD - container startup/shutdown...
[[0;32m  OK  [0m] Started System Logging Service.
[[0;32m  OK  [0m] Started Permit User Sessions.
         Starting Terminate Plymouth Boot Screen...
         Starting Hold until boot process finishes up...
         Starting Authorization Manager...
[[0;32m  OK  [0m] Started Hold until boot process finishes up.
[[0;32m  OK  [0m] Started Terminate Plymouth Boot Screen.
         Starting Set console scheme...
[[0;32m  OK  [0m] Started Serial Getty on ttyS0.
[[0;32m  OK  [0m] Started Set console scheme.
[[0;32m  OK  [0m] Created slice system-getty.slice.
[[0;32m  OK  [0m] Started Getty on tty1.
[[0;32m  OK  [0m] Reached target Login Prompts.
[[0;32m  OK  [0m] Started LSB: Record successful boot for GRUB.
[[0;32m  OK  [0m] Started LSB: automatic crash report generation.
[[0;32m  OK  [0m] Started Authorization Manager.
[[0;32m  OK  [0m] Started Accounts Service.
[[0;32m  OK  [0m] Started Virtualbox guest utils.
[[0;32m  OK  [0m] Started LXD - container startup/shutdown.
[[0;32m  OK  [0m] Started Dispatcher daemon for systemd-networkd.

Ubuntu 18.04.6 LTS ubuntu-bionic ttyS0

ubuntu-bionic login: [   60.660103] cloud-init[1036]: Cloud-init v. 22.1-14-g2e17a0d6-0ubuntu1~18.04.3 running 'modules:config' at Wed, 01 Jun 2022 00:00:27 +0000. Up 56.06 seconds.
ci-info: no authorized SSH keys fingerprints found for user ubuntu.
<14>Jun  1 00:00:35 cloud-init: #############################################################
<14>Jun  1 00:00:35 cloud-init: -----BEGIN SSH HOST KEY FINGERPRINTS-----
<14>Jun  1 00:00:35 cloud-init: 1024 SHA256:PotBN1TH+sxy9E2uBHIWzjuNeXRlo0yCjg56MYKBURw root@ubuntu-bionic (DSA)
<14>Jun  1 00:00:35 cloud-init: 256 SHA256:TcrTcvKXDOjenyBh4yAOOZYNxCk0kCZXJq1Wq4Swtu0 root@ubuntu-bionic (ECDSA)
<14>Jun  1 00:00:35 cloud-init: 256 SHA256:w5zbQpQK0iVgwyKJKd+HoTelb+hw1a8UXoenVRiXWWA root@ubuntu-bionic (ED25519)
<14>Jun  1 00:00:35 cloud-init: 2048 SHA256:V6tEAvS184vm2+4DXuesBdj1ZNRPoodhlv0mhTE4nh8 root@ubuntu-bionic (RSA)
<14>Jun  1 00:00:35 cloud-init: -----END SSH HOST KEY FINGERPRINTS-----
<14>Jun  1 00:00:35 cloud-init: #############################################################
-----BEGIN SSH HOST KEY KEYS-----
ecdsa-sha2-nistp256 AAAAE2VjZHNhLXNoYTItbmlzdHAyNTYAAAAIbmlzdHAyNTYAAABBBK2jsAdLRr/OCaC7cvtxVzIYR3YZoi5bxOjxREKOhKWH045tzvS0QW77a6ojuOx4QuCF/4+W53kDCvN/yaprH8E= root@ubuntu-bionic
ssh-ed25519 AAAAC3NzaC1lZDI1NTE5AAAAION5vAry+fwXsjuQ11EDJYxvrj4KkaJv994y0tsJ5Stn root@ubuntu-bionic
ssh-rsa AAAAB3NzaC1yc2EAAAADAQABAAABAQDg8L96f1mNdZjnI/qKbMpZCX7lBpEW550eZqQZdizAP55Vbh8Dsyk8IOLh8Pwe7mm9jsQl5corq2z7NgzEVDMMEOIVQMh7BlcfllP629mfXHG/IKwMXvu9nbM11jfMdIQsq6riEqNzNAX0rgq8IhXOeRR+hY0Lc9Hdb3dqqSolpY5WBVcpNH08ikvz2ZyoxDF2qtSaBm2Zdko/MoqBEnS254HG6dpTr5XMUpPMUghT41Rgk5YELJPGx9H9L+2FGV8cdOSBgoC6Wd35c6OMmcyBzbmNL/LMVKjqpLGcan7rLOpzfYrvjPxq2Avnfc/uacQ1zD5QmOHNnkWOen7soeuJ root@ubuntu-bionic
-----END SSH HOST KEY KEYS-----
[   64.615294] cloud-init[1197]: Cloud-init v. 22.1-14-g2e17a0d6-0ubuntu1~18.04.3 running 'modules:final' at Wed, 01 Jun 2022 00:00:34 +0000. Up 63.23 seconds.
[   64.619822] cloud-init[1197]: Cloud-init v. 22.1-14-g2e17a0d6-0ubuntu1~18.04.3 finished at Wed, 01 Jun 2022 00:00:35 +0000. Datasource DataSourceNoCloud [seed=/dev/sdb][dsmode=net].  Up 64.57 seconds
